(lldb) command script import "/Users/elie/.rustup/toolchains/stable-aarch64-apple-darwin/lib/rustlib/etc/lldb_lookup.py"
(lldb) command source -s 0 '/Users/elie/.rustup/toolchains/stable-aarch64-apple-darwin/lib/rustlib/etc/lldb_commands'
Executing commands in '/Users/elie/.rustup/toolchains/stable-aarch64-apple-darwin/lib/rustlib/etc/lldb_commands'.
(lldb) # Forces test-compliant formatting to all other types
(lldb) type synthetic add -l lldb_lookup.synthetic_lookup -x ".*" --category Rust
(lldb) # Std String
(lldb) type synthetic add -l lldb_lookup.StdStringSyntheticProvider -x "^(alloc::([a-z_]+::)+)String$" --category Rust
(lldb) type summary add -F lldb_lookup.StdStringSummaryProvider  -e -x -h "^(alloc::([a-z_]+::)+)String$" --category Rust
(lldb) # Std str
(lldb) type synthetic add -l lldb_lookup.synthetic_lookup -x "^&(mut )?str$" --category Rust
(lldb) type summary add -F lldb_lookup.summary_lookup  -e -x -h "^&(mut )?str$" --category Rust
(lldb) ## MSVC
(lldb) type synthetic add -l lldb_lookup.MSVCStrSyntheticProvider -x "^ref(_mut)?\$<str\$>$" --category Rust
(lldb) type summary add -F lldb_lookup.StdStrSummaryProvider -e -h -x "^ref(_mut)?\$<str\$>$" --category Rust
(lldb) # Array
(lldb) type synthetic add -l lldb_lookup.synthetic_lookup -x "^&(mut )?\\[.+\\]$" --category Rust
(lldb) type summary add -F lldb_lookup.summary_lookup  -e -x -h "^&(mut )?\\[.+\\]$" --category Rust
(lldb) # Slice
(lldb) ## MSVC
(lldb) type synthetic add -l lldb_lookup.MSVCStdSliceSyntheticProvider -x "^ref(_mut)?\$<slice2\$<.+> >" --category Rust
(lldb) type summary add -F lldb_lookup.StdSliceSummaryProvider -e -x -h "^ref(_mut)?\$<slice2\$<.+> >" --category Rust
(lldb) # OsString
(lldb) type synthetic add -l lldb_lookup.synthetic_lookup -x "^(std::ffi::([a-z_]+::)+)OsString$" --category Rust
(lldb) type summary add -F lldb_lookup.summary_lookup  -e -x -h "^(std::ffi::([a-z_]+::)+)OsString$" --category Rust
(lldb) # Vec
(lldb) type synthetic add -l lldb_lookup.synthetic_lookup -x "^(alloc::([a-z_]+::)+)Vec<.+>$" --category Rust
(lldb) type summary add -F lldb_lookup.summary_lookup  -e -x -h "^(alloc::([a-z_]+::)+)Vec<.+>$" --category Rust
(lldb) # VecDeque
(lldb) type synthetic add -l lldb_lookup.synthetic_lookup -x "^(alloc::([a-z_]+::)+)VecDeque<.+>$" --category Rust
(lldb) type summary add -F lldb_lookup.summary_lookup  -e -x -h "^(alloc::([a-z_]+::)+)VecDeque<.+>$" --category Rust
(lldb) # BTreeSet
(lldb) type synthetic add -l lldb_lookup.synthetic_lookup -x "^(alloc::([a-z_]+::)+)BTreeSet<.+>$" --category Rust
(lldb) type summary add -F lldb_lookup.summary_lookup  -e -x -h "^(alloc::([a-z_]+::)+)BTreeSet<.+>$" --category Rust
(lldb) # BTreeMap
(lldb) type synthetic add -l lldb_lookup.synthetic_lookup -x "^(alloc::([a-z_]+::)+)BTreeMap<.+>$" --category Rust
(lldb) type summary add -F lldb_lookup.summary_lookup  -e -x -h "^(alloc::([a-z_]+::)+)BTreeMap<.+>$" --category Rust
(lldb) # HashMap
(lldb) type synthetic add -l lldb_lookup.synthetic_lookup -x "^(std::collections::([a-z_]+::)+)HashMap<.+>$" --category Rust
(lldb) type summary add -F lldb_lookup.summary_lookup  -e -x -h "^(std::collections::([a-z_]+::)+)HashMap<.+>$" --category Rust
(lldb) # HashSet
(lldb) type synthetic add -l lldb_lookup.synthetic_lookup -x "^(std::collections::([a-z_]+::)+)HashSet<.+>$" --category Rust
(lldb) type summary add -F lldb_lookup.summary_lookup  -e -x -h "^(std::collections::([a-z_]+::)+)HashSet<.+>$" --category Rust
(lldb) # Rc
(lldb) type synthetic add -l lldb_lookup.synthetic_lookup -x "^(alloc::([a-z_]+::)+)Rc<.+>$" --category Rust
(lldb) type summary add -F lldb_lookup.summary_lookup  -e -x -h "^(alloc::([a-z_]+::)+)Rc<.+>$" --category Rust
(lldb) # Arc
(lldb) type synthetic add -l lldb_lookup.synthetic_lookup -x "^(alloc::([a-z_]+::)+)Arc<.+>$" --category Rust
(lldb) type summary add -F lldb_lookup.summary_lookup  -e -x -h "^(alloc::([a-z_]+::)+)Arc<.+>$" --category Rust
(lldb) # Cell
(lldb) type synthetic add -l lldb_lookup.synthetic_lookup -x "^(core::([a-z_]+::)+)Cell<.+>$" --category Rust
(lldb) type summary add -F lldb_lookup.summary_lookup  -e -x -h "^(core::([a-z_]+::)+)Cell<.+>$" --category Rust
(lldb) # RefCell
(lldb) type synthetic add -l lldb_lookup.synthetic_lookup -x "^(core::([a-z_]+::)+)Ref<.+>$" --category Rust
(lldb) type synthetic add -l lldb_lookup.synthetic_lookup -x "^(core::([a-z_]+::)+)RefMut<.+>$" --category Rust
(lldb) type synthetic add -l lldb_lookup.synthetic_lookup -x "^(core::([a-z_]+::)+)RefCell<.+>$" --category Rust
(lldb) type summary add -F lldb_lookup.summary_lookup  -e -x -h "^(core::([a-z_]+::)+)Ref<.+>$" --category Rust
(lldb) type summary add -F lldb_lookup.summary_lookup  -e -x -h "^(core::([a-z_]+::)+)RefMut<.+>$" --category Rust
(lldb) type summary add -F lldb_lookup.summary_lookup  -e -x -h "^(core::([a-z_]+::)+)RefCell<.+>$" --category Rust
(lldb) # NonZero
(lldb) type synthetic add -l lldb_lookup.synthetic_lookup -x "^(core::([a-z_]+::)+)NonZero<.+>$" --category Rust
(lldb) type synthetic add -l lldb_lookup.synthetic_lookup -x "^core::num::([a-z_]+::)*NonZero.+$" --category Rust
(lldb) type summary add -F lldb_lookup.summary_lookup  -e -x -h "^(core::([a-z_]+::)+)NonZero<.+>$" --category Rust
(lldb) type summary add -F lldb_lookup.summary_lookup  -e -x -h "^core::num::([a-z_]+::)*NonZero.+$" --category Rust
(lldb) # PathBuf
(lldb) type synthetic add -l lldb_lookup.synthetic_lookup -x "^(std::([a-z_]+::)+)PathBuf$" --category Rust
(lldb) type summary add -F lldb_lookup.summary_lookup  -e -x -h "^(std::([a-z_]+::)+)PathBuf$" --category Rust
(lldb) # Path
(lldb) type synthetic add -l lldb_lookup.synthetic_lookup -x "^&(mut )?(std::([a-z_]+::)+)Path$" --category Rust
(lldb) type summary add -F lldb_lookup.summary_lookup  -e -x -h "^&(mut )?(std::([a-z_]+::)+)Path$" --category Rust
(lldb) # Enum
(lldb) # type summary add -F lldb_lookup.ClangEncodedEnumSummaryProvider -e -h "lldb_lookup.is_sum_type_enum" --recognizer-function --category Rust
(lldb) ## MSVC
(lldb) type synthetic add -l lldb_lookup.MSVCEnumSyntheticProvider -x "^enum2\$<.+>$" --category Rust
(lldb) type summary add -F lldb_lookup.MSVCEnumSummaryProvider -e -x -h "^enum2\$<.+>$" --category Rust
(lldb) ## MSVC Variants
(lldb) type synthetic add -l lldb_lookup.synthetic_lookup -x "^enum2\$<.+>::.*$" --category Rust
(lldb) type summary add -F lldb_lookup.summary_lookup  -e -x -h "^enum2\$<.+>::.*$" --category Rust
(lldb) # Tuple
(lldb) type synthetic add -l lldb_lookup.synthetic_lookup -x "^\(.*\)$" --category Rust
(lldb) type summary add -F lldb_lookup.TupleSummaryProvider -e -x -h "^\(.*\)$" --category Rust
(lldb) ## MSVC
(lldb) type synthetic add -l lldb_lookup.MSVCTupleSyntheticProvider -x "^tuple\$<.+>$" --category Rust
(lldb) type summary add -F lldb_lookup.TupleSummaryProvider -e -x -h "^tuple\$<.+>$" --category Rust
(lldb) type category enable Rust
(lldb) command source -s 0 '/Users/elie/git/magika/tmp/rules-pr-worktree/tmp/mmap-spike-worktree/rules/benchmarks/spikes/mmap/rust-debug/entry.lldb'
Executing commands in '/Users/elie/git/magika/tmp/rules-pr-worktree/tmp/mmap-spike-worktree/rules/benchmarks/spikes/mmap/rust-debug/entry.lldb'.
(lldb) target create /Users/elie/git/magika/tmp/rules-pr-worktree/tmp/comparison-tools/magika2-mmap-no-checksum-55c3209d
Current executable set to '/Users/elie/git/magika/tmp/rules-pr-worktree/tmp/comparison-tools/magika2-mmap-no-checksum-55c3209d' (arm64).
(lldb) settings set target.disable-aslr false
(lldb) settings set target.env-vars PATH=/bin:/usr/bin HOME=/Users/elie/git/magika/tmp/rules-pr-worktree/tmp/comparison-mmap-spike-24b86573/home TMPDIR=/Users/elie/git/magika/tmp/rules-pr-worktree/tmp/comparison-mmap-spike-24b86573/tmp MAGIKA_RULES_CACHE=/Users/elie/git/magika/tmp/rules-pr-worktree/tmp/comparison-mmap-spike-24b86573/rule-cache LC_ALL=C LANG=C TZ=UTC MAGIKA_VECTORSCAN_LIBRARY=/Users/elie/git/magika/tmp/rules-research/vectorscan-build/lib/libhs.5.4.13.dylib OMP_NUM_THREADS=2 OPENBLAS_NUM_THREADS=2 MAGIKA_RULES_MMAP_SPIKE=1
(lldb) settings set -- target.run-args --jsonl --backend=cpu --readers=2 --threads=2 --batch-size=8 --rules=only --rules-file /Users/elie/git/magika/tmp/rules-pr-worktree/tmp/mmap-no-checksum-packs-55c3209d/mapped/rules.yar -- files/42e6b33fea9b330cbdf2dd1aab486dcc0543deaa0e9de74b1a3f4e7d0a81746b
(lldb) breakpoint set --name main --shlib magika2-mmap-no-checksum-55c3209d
Breakpoint 1: where = magika2-mmap-no-checksum-55c3209d`main, address = 0x000000010003cbc8
(lldb) process launch --stop-at-entry
Process 83436 launched: '/Users/elie/git/magika/tmp/rules-pr-worktree/tmp/comparison-tools/magika2-mmap-no-checksum-55c3209d' (arm64)
(lldb) thread backtrace
* thread #1, stop reason = signal SIGSTOP
  * frame #0: 0x000000010629c9c0 dyld`_dyld_start
(lldb) image lookup -r -n "runInitializers|initializeMainExecutable|libSystem_initializer|objc_init"
8 matches found in /usr/lib/dyld:
        Address: dyld[0x00000001801543e8] (dyld.__TEXT.__text + 259048)
        Summary: dyld`dyld4::JustInTimeLoader::runInitializers(dyld4::RuntimeState&) const
        Address: dyld[0x0000000180156960] (dyld.__TEXT.__text + 268640)
        Summary: dyld`dyld4::Loader::runInitializers(dyld4::RuntimeState&) const
        Address: dyld[0x000000018015bcb8] (dyld.__TEXT.__text + 289976)
        Summary: dyld`dyld4::Loader::runInitializersBottomUp(dyld4::RuntimeState&, lsl::Vector<AuthenticatedValue<dyld4::Loader const*>>&, lsl::Vector<AuthenticatedValue<dyld4::Loader const*>>&) const
        Address: dyld[0x000000018015bf0c] (dyld.__TEXT.__text + 290572)
        Summary: dyld`dyld4::Loader::runInitializersBottomUpPlusUpwardLinks(dyld4::RuntimeState&) const
        Address: dyld[0x0000000180160e4c] (dyld.__TEXT.__text + 310860)
        Summary: dyld`invocation function for block in void lsl::MemoryManager::withWritableMemoryInternal<dyld4::Loader::runInitializersBottomUpPlusUpwardLinks(dyld4::RuntimeState&) const::$_0>(dyld4::Loader::runInitializersBottomUpPlusUpwardLinks(dyld4::RuntimeState&) const::$_0)
        Address: dyld[0x0000000180160e54] (dyld.__TEXT.__text + 310868)
        Summary: dyld`dyld4::Loader::runInitializersBottomUpPlusUpwardLinks(dyld4::RuntimeState&) const::$_0::operator()() const
        Address: dyld[0x0000000180184f8c] (dyld.__TEXT.__text + 458636)
        Summary: dyld`dyld4::PrebuiltLoader::runInitializers(dyld4::RuntimeState&) const
        Address: dyld[0x00000001801a592c] (dyld.__TEXT.__text + 592172)
        Summary: dyld`dyld4::Loader::runInitializers(dyld4::RuntimeState&) const (.cold.1)
(lldb) continue
Process 83436 resuming
Process 83436 stopped
* thread #1, queue = 'com.apple.main-thread', stop reason = breakpoint 1.1
    frame #0: 0x0000000104bb0bc8 magika2-mmap-no-checksum-55c3209d`main
magika2-mmap-no-checksum-55c3209d`main:
->  0x104bb0bc8 <+0>:  sub    sp, sp, #0xb0
    0x104bb0bcc <+4>:  stp    x24, x23, [sp, #0x70]
    0x104bb0bd0 <+8>:  stp    x22, x21, [sp, #0x80]
    0x104bb0bd4 <+12>: stp    x20, x19, [sp, #0x90]
Target 0: (magika2-mmap-no-checksum-55c3209d) stopped.
(lldb) thread backtrace
* thread #1, queue = 'com.apple.main-thread', stop reason = breakpoint 1.1
  * frame #0: 0x0000000104bb0bc8 magika2-mmap-no-checksum-55c3209d`main
    frame #1: 0x000000018ba53e00 dyld`start + 6992
(lldb) image list -b
[  0] magika2-mmap-no-checksum-55c3209d
[  1] dyld
[  2] IOKit
[  3] libMobileGestalt.dylib
[  4] libCoreFSCache.dylib
[  5] libDiagnosticMessagesClient.dylib
[  6] Metal
[  7] libllvm-flatbuffers.dylib
[  8] FramePacing
[  9] CoreAnalytics
[ 10] CoreServices
[ 11] libobjc.A.dylib
[ 12] Foundation
[ 13] IOSurface
[ 14] libGPUCompilerUtils.dylib
[ 15] libcommonCrypto.dylib
[ 16] libcompression.dylib
[ 17] IOAccelerator
[ 18] libcorecrypto.dylib
[ 19] libsystem_collections.dylib
[ 20] CoreFoundation
[ 21] libSystem.B.dylib
[ 22] libsystem_containermanager.dylib
[ 23] libdispatch.dylib
[ 24] libcopyfile.dylib
[ 25] libsystem_darwin.dylib
[ 26] libmacho.dylib
[ 27] libsystem_featureflags.dylib
[ 28] libdyld.dylib
[ 29] libsystem_info.dylib
[ 30] libkeymgr.dylib
[ 31] libcompiler_rt.dylib
[ 32] libremovefile.dylib
[ 33] libsystem_asl.dylib
[ 34] libsystem_dnssd.dylib
[ 35] libbz2.1.0.dylib
[ 36] libsystem_darwindirectory.dylib
[ 37] Security
[ 38] libc++.1.dylib
[ 39] libsystem_coreservices.dylib
[ 40] libsystem_blocks.dylib
[ 41] libsystem_m.dylib
[ 42] libsystem_sandbox.dylib
[ 43] libsystem_networkextension.dylib
[ 44] libsystem_sanitizers.dylib
[ 45] libsystem_eligibility.dylib
[ 46] libsystem_c.dylib
[ 47] libRosetta.dylib
[ 48] libsystem_secinit.dylib
[ 49] libsystem_configuration.dylib
[ 50] libxpc.dylib
[ 51] libsystem_trial.dylib
[ 52] libsystem_malloc.dylib
[ 53] libquarantine.dylib
[ 54] CoreAutoLayout
[ 55] libcache.dylib
[ 56] libsystem_notify.dylib
[ 57] libunwind.dylib
[ 58] DiskArbitration
[ 59] libfakelink.dylib
[ 60] libicucore.A.dylib
[ 61] libsystem_symptoms.dylib
[ 62] libsystem_kernel.dylib
[ 63] liblangid.dylib
[ 64] Combine
[ 65] SystemConfiguration
[ 66] libc++abi.dylib
[ 67] libswiftCoreFoundation.dylib
[ 68] libswiftObjectiveC.dylib
[ 69] libarchive.2.dylib
[ 70] CFNetwork
[ 71] libswiftDispatch.dylib
[ 72] libxml2.2.dylib
[ 73] libsystem_trace.dylib
[ 74] libswift_StringProcessing.dylib
[ 75] libswiftCore.dylib
[ 76] SoftLinking
[ 77] libsystem_pthread.dylib
[ 78] FSEvents
[ 79] RuntimeInternal
[ 80] libsystem_platform.dylib
[ 81] libswift_Builtin_float.dylib
[ 82] OSServices
[ 83] libswiftIOKit.dylib
[ 84] CollectionsInternal
[ 85] libswiftPrespecialized.dylib
[ 86] libswiftDarwin.dylib
[ 87] Metadata
[ 88] libz.1.dylib
[ 89] libswift_Concurrency.dylib
[ 90] LaunchServices
[ 91] libswiftSystem.dylib
[ 92] CoreServicesInternal
[ 93] DictionaryServices
[ 94] RunningBoardServices
[ 95] libswiftXPC.dylib
[ 96] libenergytrace.dylib
[ 97] libswiftos.dylib
[ 98] GSS
[ 99] ReflectionInternal
[100] SharedFileList
[101] DiskImages
[102] AppSupport
[103] ProtocolBuffer
[104] libbsm.0.dylib
[105] CarbonCore
[106] CrashReporterSupport
[107] CoreGraphics
[108] libapple_nghttp2.dylib
[109] libkxld.dylib
[110] APFS
[111] AE
[112] libswift_DarwinFoundation1.dylib
[113] IOMobileFramebuffer
[114] SymptomDiagnosticReporter
[115] AppleKeyStore
[116] libutil.dylib
[117] libcoretls.dylib
[118] AppleFSCompression
[119] AppleSystemInfo
[120] libcoretls_cfhelpers.dylib
[121] NetFS
[122] libxar.1.dylib
[123] Network
[124] UniformTypeIdentifiers
[125] libCoreEntitlements.dylib
[126] libdns_services.dylib
[127] libswiftDistributed.dylib
[128] libpam.2.dylib
[129] MessageSecurity
[130] libsqlite3.dylib
[131] MobileAsset
[132] StreamingZip
[133] SwiftASN1Internal
[134] AtomicsInternal
[135] libquic.dylib
[136] BiomeStreams
[137] CoreData
[138] SearchKit
[139] libswiftObservation.dylib
[140] libboringssl.dylib
[141] libswiftSynchronization.dylib
[142] BiomePubSub
[143] AggregateDictionary
[144] libusrtcp.dylib
[145] ProactiveSupport
[146] SoftwareUpdateCoreConnect
[147] SwiftData
[148] LoggingSupport
[149] BiomeLibrary
[150] PowerLog
[151] Accelerate
[152] InternalSwiftProtobuf
[153] AppleSauce
[154] MSUDataAccessor
[155] SoftwareUpdateCoreSupport
[156] MobileKeyBag
[157] libBLAS.dylib
[158] InternationalTextSearch
[159] BiomeFoundation
[160] liblzma.5.dylib
[161] libReverseProxyDevice.dylib
[162] ColorSync
[163] ImageIO
[164] SkyLight
[165] UserManagement
[166] libbootpolicy.dylib
[167] CoreDisplay
[168] libFontParser.dylib
[169] BoardServices
[170] MetalPerformanceShaders
[171] VideoToolbox
[172] BackBoardServices
[173] CoreText
[174] libAppleArchive.dylib
[175] ProDisplayLibrary
[176] BackBoardHIDEventFoundation
[177] BaseBoard
[178] CoreVideo
[179] WatchdogClient
[180] MultitouchSupport
[181] CoreMedia
[182] libswiftAccelerate.dylib
[183] libswiftMetal.dylib
[184] vecLib
[185] QuartzCore
[186] libswiftOSLog.dylib
[187] TCC
[188] IOSurfaceAccelerator
[189] libswiftVideoToolbox.dylib
[190] PoirotSchematizer
[191] IntelligencePlatformLibrary
[192] libswiftsimd.dylib
[193] libswiftCoreAudio.dylib
[194] BiomeStorage
[195] BiomeSync
[196] libiconv.2.dylib
[197] CoreTime
[198] libswift_DarwinFoundation3.dylib
[199] libswiftCoreMedia.dylib
[200] libswiftUniformTypeIdentifiers.dylib
[201] libswiftQuartzCore.dylib
[202] RemoteServiceDiscovery
[203] PoirotSQLite
[204] libcharset.1.dylib
[205] PoirotUDFs
[206] libpartition2_dynamic.dylib
[207] libGIF.dylib
[208] AppleDeviceQuerySupport
[209] CorePhoneNumbers
[210] libswift_DarwinFoundation2.dylib
[211] libJPEG.dylib
[212] FeatureFlags
[213] BiomeDSL
[214] GraphicsServices
[215] libTIFF.dylib
[216] libswift_RegexParser.dylib
[217] libJP2.dylib
[218] libexpat.1.dylib
[219] GPUWrangler
[220] libPng.dylib
[221] DSExternalDisplay
[222] libvMisc.dylib
[223] libGLU.dylib
[224] AppleVA
[225] AppleJPEG
[226] CascadeSets
[227] ExtensionFoundation
[228] libspindump.dylib
[229] CoreAudio
[230] libGLImage.dylib
[231] OpenGL
[232] libCVMSPluginSupport.dylib
[233] libGL.dylib
[234] libamsupport.dylib
[235] SystemPolicy
[236] libCoreVMClient.dylib
[237] AudioToolboxCore
[238] CMCaptureCore
[239] libperfcheck.dylib
[240] libRadiance.dylib
[241] OSEligibility
[242] libGFXShared.dylib
[243] libswiftCoreMIDI.dylib
[244] perfdata
[245] CoreMIDI
[246] AudioAnalytics
[247] libSMC.dylib
[248] AppServerSupport
[249] OTSVG
[250] libate.dylib
[251] OSLog
[252] FontServices
[253] LightweightCodeRequirements
[254] libFontRegistry.dylib
[255] caulk
[256] ParsingInternal
[257] libAudioToolboxUtility.dylib
[258] libAudioStatistics.dylib
[259] VideoToolboxParavirtualizationSupport
[260] CoreImage
[261] PlugInKit
[262] MPSNeuralNetwork
[263] MPSHost
[264] IOPresentment
[265] GraphVisualizer
[266] libhvf.dylib
[267] MPSImage
[268] AssertionServices
[269] MPSBenchmarkLoop
[270] SILManager
[271] Symbolication
[272] MPSCore
[273] kperf
[274] MPSMatrix
[275] MetalTools
[276] MallocStackLogging
[277] libswiftCompression.dylib
[278] MPSRayIntersector
[279] MPSFunctions
[280] Tightbeam
[281] PhotosensitivityProcessing
[282] DebugSymbols
[283] OSAnalytics
[284] ASEProcessing
[285] libSessionUtility.dylib
[286] DeviceRecovery
[287] MPSNDArray
[288] CoreSymbolication
[289] GPURawCounter
[290] AFKUser
[291] HID
[292] MediaExperience
[293] AudioSession
[294] libTLE.dylib
[295] LinguisticData
[296] SecurityFoundation
[297] vImage
[298] libmis.dylib
[299] IOAccelMemoryInfo
[300] libgermantok.dylib
[301] CFOpenDirectory
[302] ConfigProfileHelper
[303] HIDDisplay
[304] Kerberos
[305] libresolv.9.dylib
[306] AudioToolbox
[307] libXTFontStaticRegistryData.dylib
[308] DiscRecording
[309] libmecab.dylib
[310] libFDR.dylib
[311] libHeimdalProxy.dylib
[312] libThaiTokenizer.dylib
[313] libSparseBLAS.dylib
[314] libLinearAlgebra.dylib
[315] Lexicon
[316] OpenDirectory
[317] Heimdal
[318] libLAPACK.dylib
[319] libvDSP.dylib
[320] libQuadrature.dylib
[321] CoreNLP
[322] MetadataUtilities
[323] InstalledContentLibrary
[324] MIL
[325] CoreServicesStore
[326] libssl.48.dylib
[327] libCRFSuite.dylib
[328] BackgroundTaskManagement
[329] MediaKit
[330] libapp_launch_measurement.dylib
[331] libCheckFix.dylib
[332] libcurl.4.dylib
[333] libcrypto.46.dylib
[334] LDAP
[335] libheimdal-asn1.dylib
[336] CommonAuth
[337] libxslt.1.dylib
[338] AppleMobileFileIntegrity
[339] NetAuth
[340] loginsupport
[341] libsasl2.2.dylib
[342] libBNNS.dylib
[343] libSparse.dylib
[344] MobileSystemServices
[345] TrustEvaluationAgent
[346] RemoteXPC
(lldb) process kill
Process 83436 exited with status = 9 (0x00000009) killed
