(lldb) command script import "/Users/elie/.rustup/toolchains/stable-aarch64-apple-darwin/lib/rustlib/etc/lldb_lookup.py"
(lldb) command source -s 0 '/Users/elie/.rustup/toolchains/stable-aarch64-apple-darwin/lib/rustlib/etc/lldb_commands'
Executing commands in '/Users/elie/.rustup/toolchains/stable-aarch64-apple-darwin/lib/rustlib/etc/lldb_commands'.
(lldb) # Forces test-compliant formatting to all other types
(lldb) type synthetic add -l lldb_lookup.synthetic_lookup -x ".*" --category Rust
(lldb) # Std String
(lldb) type synthetic add -l lldb_lookup.StdStringSyntheticProvider -x "^(alloc::([a-z_]+::)+)String$" --category Rust
(lldb) type summary add -F lldb_lookup.StdStringSummaryProvider  -e -x -h "^(alloc::([a-z_]+::)+)String$" --category Rust
(lldb) # Std str
(lldb) type synthetic add -l lldb_lookup.synthetic_lookup -x "^&(mut )?str$" --category Rust
(lldb) type summary add -F lldb_lookup.summary_lookup  -e -x -h "^&(mut )?str$" --category Rust
(lldb) ## MSVC
(lldb) type synthetic add -l lldb_lookup.MSVCStrSyntheticProvider -x "^ref(_mut)?\$<str\$>$" --category Rust
(lldb) type summary add -F lldb_lookup.StdStrSummaryProvider -e -h -x "^ref(_mut)?\$<str\$>$" --category Rust
(lldb) # Array
(lldb) type synthetic add -l lldb_lookup.synthetic_lookup -x "^&(mut )?\\[.+\\]$" --category Rust
(lldb) type summary add -F lldb_lookup.summary_lookup  -e -x -h "^&(mut )?\\[.+\\]$" --category Rust
(lldb) # Slice
(lldb) ## MSVC
(lldb) type synthetic add -l lldb_lookup.MSVCStdSliceSyntheticProvider -x "^ref(_mut)?\$<slice2\$<.+> >" --category Rust
(lldb) type summary add -F lldb_lookup.StdSliceSummaryProvider -e -x -h "^ref(_mut)?\$<slice2\$<.+> >" --category Rust
(lldb) # OsString
(lldb) type synthetic add -l lldb_lookup.synthetic_lookup -x "^(std::ffi::([a-z_]+::)+)OsString$" --category Rust
(lldb) type summary add -F lldb_lookup.summary_lookup  -e -x -h "^(std::ffi::([a-z_]+::)+)OsString$" --category Rust
(lldb) # Vec
(lldb) type synthetic add -l lldb_lookup.synthetic_lookup -x "^(alloc::([a-z_]+::)+)Vec<.+>$" --category Rust
(lldb) type summary add -F lldb_lookup.summary_lookup  -e -x -h "^(alloc::([a-z_]+::)+)Vec<.+>$" --category Rust
(lldb) # VecDeque
(lldb) type synthetic add -l lldb_lookup.synthetic_lookup -x "^(alloc::([a-z_]+::)+)VecDeque<.+>$" --category Rust
(lldb) type summary add -F lldb_lookup.summary_lookup  -e -x -h "^(alloc::([a-z_]+::)+)VecDeque<.+>$" --category Rust
(lldb) # BTreeSet
(lldb) type synthetic add -l lldb_lookup.synthetic_lookup -x "^(alloc::([a-z_]+::)+)BTreeSet<.+>$" --category Rust
(lldb) type summary add -F lldb_lookup.summary_lookup  -e -x -h "^(alloc::([a-z_]+::)+)BTreeSet<.+>$" --category Rust
(lldb) # BTreeMap
(lldb) type synthetic add -l lldb_lookup.synthetic_lookup -x "^(alloc::([a-z_]+::)+)BTreeMap<.+>$" --category Rust
(lldb) type summary add -F lldb_lookup.summary_lookup  -e -x -h "^(alloc::([a-z_]+::)+)BTreeMap<.+>$" --category Rust
(lldb) # HashMap
(lldb) type synthetic add -l lldb_lookup.synthetic_lookup -x "^(std::collections::([a-z_]+::)+)HashMap<.+>$" --category Rust
(lldb) type summary add -F lldb_lookup.summary_lookup  -e -x -h "^(std::collections::([a-z_]+::)+)HashMap<.+>$" --category Rust
(lldb) # HashSet
(lldb) type synthetic add -l lldb_lookup.synthetic_lookup -x "^(std::collections::([a-z_]+::)+)HashSet<.+>$" --category Rust
(lldb) type summary add -F lldb_lookup.summary_lookup  -e -x -h "^(std::collections::([a-z_]+::)+)HashSet<.+>$" --category Rust
(lldb) # Rc
(lldb) type synthetic add -l lldb_lookup.synthetic_lookup -x "^(alloc::([a-z_]+::)+)Rc<.+>$" --category Rust
(lldb) type summary add -F lldb_lookup.summary_lookup  -e -x -h "^(alloc::([a-z_]+::)+)Rc<.+>$" --category Rust
(lldb) # Arc
(lldb) type synthetic add -l lldb_lookup.synthetic_lookup -x "^(alloc::([a-z_]+::)+)Arc<.+>$" --category Rust
(lldb) type summary add -F lldb_lookup.summary_lookup  -e -x -h "^(alloc::([a-z_]+::)+)Arc<.+>$" --category Rust
(lldb) # Cell
(lldb) type synthetic add -l lldb_lookup.synthetic_lookup -x "^(core::([a-z_]+::)+)Cell<.+>$" --category Rust
(lldb) type summary add -F lldb_lookup.summary_lookup  -e -x -h "^(core::([a-z_]+::)+)Cell<.+>$" --category Rust
(lldb) # RefCell
(lldb) type synthetic add -l lldb_lookup.synthetic_lookup -x "^(core::([a-z_]+::)+)Ref<.+>$" --category Rust
(lldb) type synthetic add -l lldb_lookup.synthetic_lookup -x "^(core::([a-z_]+::)+)RefMut<.+>$" --category Rust
(lldb) type synthetic add -l lldb_lookup.synthetic_lookup -x "^(core::([a-z_]+::)+)RefCell<.+>$" --category Rust
(lldb) type summary add -F lldb_lookup.summary_lookup  -e -x -h "^(core::([a-z_]+::)+)Ref<.+>$" --category Rust
(lldb) type summary add -F lldb_lookup.summary_lookup  -e -x -h "^(core::([a-z_]+::)+)RefMut<.+>$" --category Rust
(lldb) type summary add -F lldb_lookup.summary_lookup  -e -x -h "^(core::([a-z_]+::)+)RefCell<.+>$" --category Rust
(lldb) # NonZero
(lldb) type synthetic add -l lldb_lookup.synthetic_lookup -x "^(core::([a-z_]+::)+)NonZero<.+>$" --category Rust
(lldb) type synthetic add -l lldb_lookup.synthetic_lookup -x "^core::num::([a-z_]+::)*NonZero.+$" --category Rust
(lldb) type summary add -F lldb_lookup.summary_lookup  -e -x -h "^(core::([a-z_]+::)+)NonZero<.+>$" --category Rust
(lldb) type summary add -F lldb_lookup.summary_lookup  -e -x -h "^core::num::([a-z_]+::)*NonZero.+$" --category Rust
(lldb) # PathBuf
(lldb) type synthetic add -l lldb_lookup.synthetic_lookup -x "^(std::([a-z_]+::)+)PathBuf$" --category Rust
(lldb) type summary add -F lldb_lookup.summary_lookup  -e -x -h "^(std::([a-z_]+::)+)PathBuf$" --category Rust
(lldb) # Path
(lldb) type synthetic add -l lldb_lookup.synthetic_lookup -x "^&(mut )?(std::([a-z_]+::)+)Path$" --category Rust
(lldb) type summary add -F lldb_lookup.summary_lookup  -e -x -h "^&(mut )?(std::([a-z_]+::)+)Path$" --category Rust
(lldb) # Enum
(lldb) # type summary add -F lldb_lookup.ClangEncodedEnumSummaryProvider -e -h "lldb_lookup.is_sum_type_enum" --recognizer-function --category Rust
(lldb) ## MSVC
(lldb) type synthetic add -l lldb_lookup.MSVCEnumSyntheticProvider -x "^enum2\$<.+>$" --category Rust
(lldb) type summary add -F lldb_lookup.MSVCEnumSummaryProvider -e -x -h "^enum2\$<.+>$" --category Rust
(lldb) ## MSVC Variants
(lldb) type synthetic add -l lldb_lookup.synthetic_lookup -x "^enum2\$<.+>::.*$" --category Rust
(lldb) type summary add -F lldb_lookup.summary_lookup  -e -x -h "^enum2\$<.+>::.*$" --category Rust
(lldb) # Tuple
(lldb) type synthetic add -l lldb_lookup.synthetic_lookup -x "^\(.*\)$" --category Rust
(lldb) type summary add -F lldb_lookup.TupleSummaryProvider -e -x -h "^\(.*\)$" --category Rust
(lldb) ## MSVC
(lldb) type synthetic add -l lldb_lookup.MSVCTupleSyntheticProvider -x "^tuple\$<.+>$" --category Rust
(lldb) type summary add -F lldb_lookup.TupleSummaryProvider -e -x -h "^tuple\$<.+>$" --category Rust
(lldb) type category enable Rust
(lldb) command source -s 0 '/Users/elie/git/magika/tmp/rules-pr-worktree/tmp/mmap-spike-worktree/rules/benchmarks/spikes/mmap/rust-debug/initializers.lldb'
Executing commands in '/Users/elie/git/magika/tmp/rules-pr-worktree/tmp/mmap-spike-worktree/rules/benchmarks/spikes/mmap/rust-debug/initializers.lldb'.
(lldb) target create /Users/elie/git/magika/tmp/rules-pr-worktree/tmp/comparison-tools/magika2-mmap-debug-55c3209d
Current executable set to '/Users/elie/git/magika/tmp/rules-pr-worktree/tmp/comparison-tools/magika2-mmap-debug-55c3209d' (arm64).
(lldb) settings set target.disable-aslr false
(lldb) settings set target.env-vars PATH=/bin:/usr/bin HOME=/Users/elie/git/magika/tmp/rules-pr-worktree/tmp/comparison-mmap-spike-24b86573/home TMPDIR=/Users/elie/git/magika/tmp/rules-pr-worktree/tmp/comparison-mmap-spike-24b86573/tmp MAGIKA_RULES_CACHE=/Users/elie/git/magika/tmp/rules-pr-worktree/tmp/comparison-mmap-spike-24b86573/rule-cache LC_ALL=C LANG=C TZ=UTC MAGIKA_VECTORSCAN_LIBRARY=/Users/elie/git/magika/tmp/rules-research/vectorscan-build/lib/libhs.5.4.13.dylib OMP_NUM_THREADS=2 OPENBLAS_NUM_THREADS=2 MAGIKA_RULES_MMAP_SPIKE=1
(lldb) settings set -- target.run-args --jsonl --backend=cpu --readers=2 --threads=2 --batch-size=8 --rules=only --rules-file /Users/elie/git/magika/tmp/rules-pr-worktree/tmp/mmap-no-checksum-packs-55c3209d/mapped/rules.yar -- files/42e6b33fea9b330cbdf2dd1aab486dcc0543deaa0e9de74b1a3f4e7d0a81746b
(lldb) breakpoint set --file main.rs --line 351 --shlib magika2-mmap-debug-55c3209d
Breakpoint 1: where = magika2-mmap-debug-55c3209d`magika::main::h4dc5e7a97978cbfe + 48 at main.rs:351:28, address = 0x0000000100030720
(lldb) breakpoint set --name _objc_init
Breakpoint 2: where = libobjc.A.dylib`_objc_init, address = 0x000000018008d40c
(lldb) process launch --stop-at-entry
Process 84107 launched: '/Users/elie/git/magika/tmp/rules-pr-worktree/tmp/comparison-tools/magika2-mmap-debug-55c3209d' (arm64)
(lldb) thread backtrace
* thread #1, stop reason = signal SIGSTOP
  * frame #0: 0x0000000103be49c0 dyld`_dyld_start
(lldb) continue
Process 84107 resuming
Process 84107 stopped
* thread #1, queue = 'com.apple.main-thread', stop reason = breakpoint 2.1
    frame #0: 0x000000018b9ad40c libobjc.A.dylib`_objc_init
libobjc.A.dylib`_objc_init:
->  0x18b9ad40c <+0>:  pacibsp 
    0x18b9ad410 <+4>:  sub    sp, sp, #0xa0
    0x18b9ad414 <+8>:  stp    x28, x27, [sp, #0x40]
    0x18b9ad418 <+12>: stp    x26, x25, [sp, #0x50]
Target 0: (magika2-mmap-debug-55c3209d) stopped.
(lldb) thread backtrace
* thread #1, queue = 'com.apple.main-thread', stop reason = breakpoint 2.1
  * frame #0: 0x000000018b9ad40c libobjc.A.dylib`_objc_init
    frame #1: 0x000000018bc5777c libdispatch.dylib`_os_object_init + 24
    frame #2: 0x000000018bc8ce84 libdispatch.dylib`libdispatch_init + 480
    frame #3: 0x000000019bc61350 libSystem.B.dylib`libSystem_initializer + 244
    frame #4: 0x000000018ba80e30 dyld`invocation function for block in dyld4::Loader::findAndRunAllInitializers(dyld4::RuntimeState&) const::$_0::operator()() const + 180
    frame #5: 0x000000018ba8c114 dyld`invocation function for block in dyld3::MachOAnalyzer::forEachInitializer(Diagnostics&, dyld3::MachOAnalyzer::VMAddrConverter const&, void (unsigned int) block_pointer, void const*) const + 320
    frame #6: 0x000000018bac2860 dyld`invocation function for block in mach_o::UnsafeHeader::forEachSection(void (mach_o::UnsafeHeader::SectionInfo const&, bool&) block_pointer) const + 312
    frame #7: 0x000000018babf394 dyld`mach_o::UnsafeHeader::forEachLoadCommand(void (load_command const*, bool&) block_pointer) const + 208
    frame #8: 0x000000018bac0c3c dyld`mach_o::UnsafeHeader::forEachSection(void (mach_o::UnsafeHeader::SectionInfo const&, bool&) block_pointer) const + 124
    frame #9: 0x000000018ba8bc08 dyld`dyld3::MachOAnalyzer::forEachInitializer(Diagnostics&, dyld3::MachOAnalyzer::VMAddrConverter const&, void (unsigned int) block_pointer, void const*) const + 516
    frame #10: 0x000000018ba7b7d4 dyld`dyld4::Loader::findAndRunAllInitializers(dyld4::RuntimeState&) const + 528
    frame #11: 0x000000018baa4fb8 dyld`dyld4::PrebuiltLoader::runInitializers(dyld4::RuntimeState&) const + 44
    frame #12: 0x000000018ba48850 dyld`dyld4::APIs::runAllInitializersForMain() + 100
    frame #13: 0x000000018ba55390 dyld`dyld4::prepare(dyld4::APIs&, mach_o::UnsafeHeader const*) + 3880
    frame #14: 0x000000018ba5444c dyld`dyld4::start(dyld4::KernelArgs*, void*, void*, unsigned long long)::$_1::operator()() const + 320
    frame #15: 0x000000018ba53da8 dyld`start + 6904
(lldb) breakpoint disable 2
1 breakpoints disabled.
(lldb) continue
warning: magika2-mmap-debug-55c3209d was compiled with optimization - stepping may behave oddly; variables may not be available.
Process 84107 resuming
Process 84107 stopped
* thread #1, name = 'main', queue = 'com.apple.main-thread', stop reason = breakpoint 1.1
    frame #0: 0x000000010243c720 magika2-mmap-debug-55c3209d`magika::main::h4dc5e7a97978cbfe at main.rs:351:28 [opt]
   348 	
   349 	fn main() -> Result<()> {
   350 	    #[cfg(feature = "_mmap-spike")]
-> 351 	    let _startup_session = magika::startup_trace::Session::begin();
    	                           ^
   352 	    #[cfg(feature = "_mmap-spike")]
   353 	    let _parse = magika::startup_trace::span("argument_parsing");
   354 	    let flags = Flags::parse();
Target 0: (magika2-mmap-debug-55c3209d) stopped.
(lldb) thread backtrace
* thread #1, name = 'main', queue = 'com.apple.main-thread', stop reason = breakpoint 1.1
  * frame #0: 0x000000010243c720 magika2-mmap-debug-55c3209d`magika::main::h4dc5e7a97978cbfe at main.rs:351:28 [opt]
    frame #1: 0x0000000102421f4c magika2-mmap-debug-55c3209d`core::ops::function::FnOnce::call_once::hb5cea7a735219a40((null)=<unavailable>, (null)=<unavailable>) at function.rs:250:5 [opt] [inlined]
    frame #2: 0x0000000102421f48 magika2-mmap-debug-55c3209d`std::sys::backtrace::__rust_begin_short_backtrace::ha14252b8a4ab377a(f=<unavailable>) at backtrace.rs:166:18 [opt]
    frame #3: 0x0000000102448f44 magika2-mmap-debug-55c3209d`main + 872
    frame #4: 0x000000018ba53e00 dyld`start + 6992
(lldb) image list -b
[  0] magika2-mmap-debug-55c3209d
[  1] dyld
[  2] IOAccelerator
[  3] libDiagnosticMessagesClient.dylib
[  4] Metal
[  5] libllvm-flatbuffers.dylib
[  6] libCoreFSCache.dylib
[  7] CoreServices
[  8] IOKit
[  9] libGPUCompilerUtils.dylib
[ 10] CoreAnalytics
[ 11] libbz2.1.0.dylib
[ 12] libc++.1.dylib
[ 13] Security
[ 14] libdyld.dylib
[ 15] libMobileGestalt.dylib
[ 16] FramePacing
[ 17] libcorecrypto.dylib
[ 18] libcompression.dylib
[ 19] libcompiler_rt.dylib
[ 20] libobjc.A.dylib
[ 21] Foundation
[ 22] libsystem_configuration.dylib
[ 23] libcommonCrypto.dylib
[ 24] libsystem_blocks.dylib
[ 25] libsystem_darwindirectory.dylib
[ 26] libdispatch.dylib
[ 27] libSystem.B.dylib
[ 28] libsystem_collections.dylib
[ 29] libsystem_featureflags.dylib
[ 30] libkeymgr.dylib
[ 31] libsystem_c.dylib
[ 32] libcopyfile.dylib
[ 33] libremovefile.dylib
[ 34] libsystem_darwin.dylib
[ 35] libsystem_asl.dylib
[ 36] libsystem_info.dylib
[ 37] libsystem_notify.dylib
[ 38] IOSurface
[ 39] libsystem_containermanager.dylib
[ 40] libquarantine.dylib
[ 41] libsystem_networkextension.dylib
[ 42] libsystem_m.dylib
[ 43] libsystem_secinit.dylib
[ 44] libsystem_coreservices.dylib
[ 45] libunwind.dylib
[ 46] libsystem_dnssd.dylib
[ 47] libsystem_platform.dylib
[ 48] libsystem_pthread.dylib
[ 49] libsystem_sanitizers.dylib
[ 50] libsystem_symptoms.dylib
[ 51] SystemConfiguration
[ 52] libswiftObjectiveC.dylib
[ 53] libsystem_trial.dylib
[ 54] libsystem_trace.dylib
[ 55] libsystem_malloc.dylib
[ 56] libfakelink.dylib
[ 57] libz.1.dylib
[ 58] libsystem_kernel.dylib
[ 59] libmacho.dylib
[ 60] libRosetta.dylib
[ 61] Combine
[ 62] libsystem_eligibility.dylib
[ 63] libicucore.A.dylib
[ 64] CFNetwork
[ 65] CoreAutoLayout
[ 66] RuntimeInternal
[ 67] SoftLinking
[ 68] DiskArbitration
[ 69] liblangid.dylib
[ 70] libc++abi.dylib
[ 71] CoreFoundation
[ 72] libswiftPrespecialized.dylib
[ 73] libswiftCore.dylib
[ 74] libswift_Concurrency.dylib
[ 75] libsystem_sandbox.dylib
[ 76] libxml2.2.dylib
[ 77] libcache.dylib
[ 78] libxpc.dylib
[ 79] libswiftSystem.dylib
[ 80] libswift_DarwinFoundation1.dylib
[ 81] ReflectionInternal
[ 82] FSEvents
[ 83] NetFS
[ 84] libarchive.2.dylib
[ 85] libswift_StringProcessing.dylib
[ 86] libswiftDarwin.dylib
[ 87] libswift_Builtin_float.dylib
[ 88] libswiftos.dylib
[ 89] OSServices
[ 90] libswiftIOKit.dylib
[ 91] SearchKit
[ 92] CollectionsInternal
[ 93] libswiftCoreFoundation.dylib
[ 94] DictionaryServices
[ 95] libswiftDispatch.dylib
[ 96] CarbonCore
[ 97] CoreServicesInternal
[ 98] LaunchServices
[ 99] DiskImages
[100] RunningBoardServices
[101] SharedFileList
[102] CoreGraphics
[103] libCoreEntitlements.dylib
[104] AE
[105] libapple_nghttp2.dylib
[106] AppleKeyStore
[107] Network
[108] libkxld.dylib
[109] MessageSecurity
[110] AppleFSCompression
[111] CrashReporterSupport
[112] GSS
[113] libsqlite3.dylib
[114] AppSupport
[115] libcoretls_cfhelpers.dylib
[116] libpam.2.dylib
[117] libxar.1.dylib
[118] ProtocolBuffer
[119] IOMobileFramebuffer
[120] AppleSystemInfo
[121] Metadata
[122] SwiftData
[123] libcoretls.dylib
[124] SwiftASN1Internal
[125] libswiftXPC.dylib
[126] AtomicsInternal
[127] StreamingZip
[128] LoggingSupport
[129] libdns_services.dylib
[130] PowerLog
[131] MobileAsset
[132] APFS
[133] libenergytrace.dylib
[134] libusrtcp.dylib
[135] UniformTypeIdentifiers
[136] SymptomDiagnosticReporter
[137] BiomeLibrary
[138] libboringssl.dylib
[139] UserManagement
[140] libquic.dylib
[141] BiomePubSub
[142] libutil.dylib
[143] libbsm.0.dylib
[144] ProactiveSupport
[145] liblzma.5.dylib
[146] MSUDataAccessor
[147] libswiftSynchronization.dylib
[148] libbootpolicy.dylib
[149] InternalSwiftProtobuf
[150] libswiftObservation.dylib
[151] SoftwareUpdateCoreSupport
[152] SoftwareUpdateCoreConnect
[153] AggregateDictionary
[154] InternationalTextSearch
[155] CoreData
[156] vecLib
[157] Accelerate
[158] CoreVideo
[159] libAppleArchive.dylib
[160] ImageIO
[161] MobileKeyBag
[162] AppleSauce
[163] BiomeStreams
[164] BiomeFoundation
[165] libswiftDistributed.dylib
[166] BoardServices
[167] ColorSync
[168] CoreText
[169] CoreDisplay
[170] MetalPerformanceShaders
[171] SkyLight
[172] VideoToolbox
[173] BaseBoard
[174] TCC
[175] IOSurfaceAccelerator
[176] libFontParser.dylib
[177] WatchdogClient
[178] MultitouchSupport
[179] libBLAS.dylib
[180] BackBoardServices
[181] libswiftCoreMedia.dylib
[182] libswiftQuartzCore.dylib
[183] CoreMedia
[184] libswiftUniformTypeIdentifiers.dylib
[185] libswiftAccelerate.dylib
[186] BackBoardHIDEventFoundation
[187] QuartzCore
[188] libswiftOSLog.dylib
[189] ProDisplayLibrary
[190] libReverseProxyDevice.dylib
[191] libswiftCoreAudio.dylib
[192] PoirotUDFs
[193] BiomeDSL
[194] BiomeSync
[195] libswift_DarwinFoundation2.dylib
[196] RemoteXPC
[197] IntelligencePlatformLibrary
[198] libswiftsimd.dylib
[199] libcharset.1.dylib
[200] libswift_DarwinFoundation3.dylib
[201] libpartition2_dynamic.dylib
[202] libswift_RegexParser.dylib
[203] libswiftMetal.dylib
[204] libswiftVideoToolbox.dylib
[205] AppleDeviceQuerySupport
[206] libPng.dylib
[207] BiomeStorage
[208] libGIF.dylib
[209] libJPEG.dylib
[210] libvMisc.dylib
[211] RemoteServiceDiscovery
[212] AppleJPEG
[213] CorePhoneNumbers
[214] libGLU.dylib
[215] libiconv.2.dylib
[216] libTIFF.dylib
[217] OpenGL
[218] PoirotSchematizer
[219] FeatureFlags
[220] libGL.dylib
[221] PoirotSQLite
[222] CoreTime
[223] GPUWrangler
[224] IOPresentment
[225] libamsupport.dylib
[226] ExtensionFoundation
[227] AppleVA
[228] libJP2.dylib
[229] libspindump.dylib
[230] CascadeSets
[231] libate.dylib
[232] caulk
[233] VideoToolboxParavirtualizationSupport
[234] perfdata
[235] libGFXShared.dylib
[236] CMCaptureCore
[237] AppServerSupport
[238] libRadiance.dylib
[239] libGLImage.dylib
[240] OSLog
[241] GraphicsServices
[242] libexpat.1.dylib
[243] libperfcheck.dylib
[244] libAudioToolboxUtility.dylib
[245] libAudioStatistics.dylib
[246] libSMC.dylib
[247] libCoreVMClient.dylib
[248] AudioAnalytics
[249] CoreMIDI
[250] libswiftCoreMIDI.dylib
[251] OTSVG
[252] CoreAudio
[253] libXTFontStaticRegistryData.dylib
[254] libFontRegistry.dylib
[255] FontServices
[256] SystemPolicy
[257] MPSCore
[258] DSExternalDisplay
[259] ParsingInternal
[260] MPSNDArray
[261] MPSMatrix
[262] AssertionServices
[263] LightweightCodeRequirements
[264] MPSBenchmarkLoop
[265] kperf
[266] AudioToolboxCore
[267] OSEligibility
[268] CoreImage
[269] MPSRayIntersector
[270] PlugInKit
[271] MPSNeuralNetwork
[272] libCVMSPluginSupport.dylib
[273] libhvf.dylib
[274] Symbolication
[275] MPSImage
[276] CoreSymbolication
[277] OSAnalytics
[278] PhotosensitivityProcessing
[279] IOAccelMemoryInfo
[280] GraphVisualizer
[281] MPSFunctions
[282] AFKUser
[283] DeviceRecovery
[284] SILManager
[285] Tightbeam
[286] MediaExperience
[287] GPURawCounter
[288] AudioToolbox
[289] libheimdal-asn1.dylib
[290] DebugSymbols
[291] MPSHost
[292] CFOpenDirectory
[293] MetalTools
[294] MallocStackLogging
[295] SecurityFoundation
[296] HID
[297] MIL
[298] libSessionUtility.dylib
[299] AppleMobileFileIntegrity
[300] ASEProcessing
[301] LinguisticData
[302] libTLE.dylib
[303] Kerberos
[304] AudioSession
[305] libgermantok.dylib
[306] libmis.dylib
[307] DiscRecording
[308] Lexicon
[309] libmecab.dylib
[310] libresolv.9.dylib
[311] libHeimdalProxy.dylib
[312] libCRFSuite.dylib
[313] MediaKit
[314] libvDSP.dylib
[315] libThaiTokenizer.dylib
[316] HIDDisplay
[317] ConfigProfileHelper
[318] libFDR.dylib
[319] vImage
[320] Heimdal
[321] MobileSystemServices
[322] CoreNLP
[323] libswiftCompression.dylib
[324] libSparseBLAS.dylib
[325] OpenDirectory
[326] libcrypto.46.dylib
[327] libCheckFix.dylib
[328] libQuadrature.dylib
[329] CommonAuth
[330] MetadataUtilities
[331] LDAP
[332] NetAuth
[333] libLinearAlgebra.dylib
[334] InstalledContentLibrary
[335] TrustEvaluationAgent
[336] libSparse.dylib
[337] BackgroundTaskManagement
[338] libapp_launch_measurement.dylib
[339] CoreServicesStore
[340] libssl.48.dylib
[341] libxslt.1.dylib
[342] libcurl.4.dylib
[343] libsasl2.2.dylib
[344] libBNNS.dylib
[345] libLAPACK.dylib
[346] loginsupport
(lldb) breakpoint disable 1
1 breakpoints disabled.
(lldb) continue
{"path":"files/42e6b33fea9b330cbdf2dd1aab486dcc0543deaa0e9de74b1a3f4e7d0a81746b","result":{"status":"ok","value":{"dl":{"description":"Undefined","extensions":[],"group":"undefined","is_text":false,"label":"undefined","mime_type":"application/undefined"},"output":{"description":"dBASE / FoxPro table","extensions":["dbf"],"group":"database","is_text":false,"label":"dbase","mime_type":"application/octet-stream"},"score":1.0}}}
Process 84107 resuming
Process 84107 exited with status = 0 (0x00000000)
